This my test log file